// Jest Snapshot v1, https://goo.gl/fbAQLP

exports[`Renders correctly to the DOM matches snapshot 1`] = `
<div>
  <div
    className="SplitButton__Wrapper-sc-__py44fa-0 hrSgYZ"
  >
    <div
      className="SplitButton__ButtonsGroup-sc-__py44fa-1 enzDEk"
    >
      <a
        href="#"
        onClick={[Function]}
      >
        Main Action
      </a>
      <a
        href="#"
        onClick={[Function]}
      >
        <i
          className="ion-arrow-down-b"
        />
      </a>
    </div>
  </div>
</div>
`;
