// Jest Snapshot v1, https://goo.gl/fbAQLP

exports[`Renders correctly to the DOM matches snapshot 1`] = `
<div
  className="ItemRow__ItemDiv-sc-__djhgk2-0 crJsvJ"
>
  <div
    className="dragHandler"
  >
    <i
      className="ion-grid"
    />
  </div>
  <div
    className="flex3"
  >
    <input
      className="ItemRow__ItemDivInput-sc-__djhgk2-1 bGUpRI"
      name="description"
      onChange={[Function]}
      onKeyDown={[Function]}
      type="text"
      value="iPhone X"
    />
  </div>
  <div
    className="flex1"
  >
    <input
      className="ItemRow__ItemDivInput-sc-__djhgk2-1 bGUpRI"
      name="price"
      onChange={[Function]}
      onKeyDown={[Function]}
      step="0.01"
      type="number"
      value={999}
    />
  </div>
  <div
    className="flex1"
  >
    <input
      className="ItemRow__ItemDivInput-sc-__djhgk2-1 bGUpRI"
      name="quantity"
      onChange={[Function]}
      onKeyDown={[Function]}
      step="0.01"
      type="number"
      value={1}
    />
  </div>
  <div
    className="ItemRow__ItemActions-sc-__djhgk2-2 bAevRR"
  >
    <a
      className="ItemRow__ItemRemoveBtn-sc-__djhgk2-3 eqCffL"
      href="#"
      onClick={[Function]}
    >
      <i
        className="ion-close-circled"
      />
    </a>
  </div>
</div>
`;
