// Jest Snapshot v1, https://goo.gl/fbAQLP

exports[`Recipient Form component matches snapshot 1`] = `
<div
  className="Part__PartStyle-sc-__sc-1li9qu9-0 keFAhY"
>
  <div
    className="Part__RowStyle-sc-__sc-1li9qu9-1 hvVJFU"
  >
    <div
      className="Part__FieldStyle-sc-__sc-1li9qu9-2 djlCyH"
    >
      <label
        className="itemLabel"
      >
         *
      </label>
      <input
        name="fullname"
        onChange={[MockFunction]}
        type="text"
        value="Jon Snow"
      />
    </div>
    <div
      className="Part__FieldStyle-sc-__sc-1li9qu9-2 djlCyH"
    >
      <label
        className="itemLabel"
      />
      <input
        name="company"
        onChange={[MockFunction]}
        type="text"
        value=""
      />
    </div>
  </div>
  <div
    className="Part__RowStyle-sc-__sc-1li9qu9-1 hvVJFU"
  >
    <div
      className="Part__FieldStyle-sc-__sc-1li9qu9-2 djlCyH"
    >
      <label
        className="itemLabel"
      >
         *
      </label>
      <input
        name="email"
        onChange={[MockFunction]}
        type="text"
        value="john@hbo.com"
      />
    </div>
    <div
      className="Part__FieldStyle-sc-__sc-1li9qu9-2 djlCyH"
    >
      <label
        className="itemLabel"
      />
      <input
        name="phone"
        onChange={[MockFunction]}
        type="text"
        value=""
      />
    </div>
  </div>
</div>
`;
