// Jest Snapshot v1, https://goo.gl/fbAQLP

exports[`Note component matches snapshot 1`] = `
<div
  className="Section__SectionStyle-sc-__sc-1hpldeo-0 cmqgYd"
>
  <div
    className="Section__HeaderStyle-sc-__sc-1hpldeo-1 eLjuvZ"
  >
    <label
      className="itemLabel"
    />
  </div>
  <div
    className="Part__PartStyle-sc-__sc-1li9qu9-0 keFAhY"
  >
    <div
      className="Part__RowStyle-sc-__sc-1li9qu9-1 hvVJFU"
    >
      <div
        className="Part__FieldStyle-sc-__sc-1li9qu9-2 djlCyH"
      >
        <label
          className="itemLabel"
        />
        <div
          className="Tax__TaxID-sc-__sc-7kdutr-0"
        >
          <input
            name="tin"
            onChange={[Function]}
            type="text"
            value="123-456-789"
          />
        </div>
      </div>
    </div>
    <div
      className="Part__RowStyle-sc-__sc-1li9qu9-1 hvVJFU"
    >
      <div
        className="Part__FieldStyle-sc-__sc-1li9qu9-2 djlCyH"
      >
        <label
          className="itemLabel"
        >
           (%)
        </label>
        <div
          className="Tax__TaxAmount-sc-__sc-7kdutr-1 gHTPhw"
        >
          <input
            name="amount"
            onChange={[Function]}
            step="0.01"
            type="number"
            value={10}
          />
        </div>
      </div>
      <div
        className="Part__FieldStyle-sc-__sc-1li9qu9-2 djlCyH"
      >
        <label
          className="itemLabel"
        />
        <select
          name="method"
          onChange={[Function]}
        >
          <option
            value="default"
          />
          <option
            value="reverse"
          />
        </select>
      </div>
    </div>
  </div>
</div>
`;
